Archive member included because of file (symbol)

c:/winavr-20100110/bin/../lib/gcc/avr/4.3.3/avr4\libgcc.a(_udivmodhi4.o)
                              obj\Release\main.o (__udivmodhi4)
c:/winavr-20100110/bin/../lib/gcc/avr/4.3.3/avr4\libgcc.a(_divmodhi4.o)
                              obj\Release\main.o (__divmodhi4)
c:/winavr-20100110/bin/../lib/gcc/avr/4.3.3/avr4\libgcc.a(_exit.o)
                              c:/winavr-20100110/bin/../lib/gcc/avr/4.3.3/../../../../avr/lib/avr4/crtm8.o (exit)
c:/winavr-20100110/bin/../lib/gcc/avr/4.3.3/avr4\libgcc.a(_copy_data.o)
                              obj\Release\main.o (__do_copy_data)
c:/winavr-20100110/bin/../lib/gcc/avr/4.3.3/avr4\libgcc.a(_clear_bss.o)
                              obj\Release\main.o (__do_clear_bss)
C:\WinAVR-20100110\avr\lib\libc.a(itoa.o)
                              obj\Release\main.o (itoa)
C:\WinAVR-20100110\avr\lib\libc.a(strrev.o)
                              C:\WinAVR-20100110\avr\lib\libc.a(itoa.o) (strrev)

Allocating common symbols
Common symbol       size              file

control             0x4               obj\Release\main.o
water               0x1               obj\Release\main.o
battery_ctrl        0x2               obj\Release\main.o
RS_old              0x1               obj\Release\main.o
counter_rx          0x1               obj\Release\main.o
ds18temp            0x2               obj\Release\main.o
water_old           0x1               obj\Release\main.o
string              0x6               obj\Release\main.o
button              0x1               obj\Release\main.o
rx_array            0x8               obj\Release\main.o
payload_len         0x1               obj\Release\nrf24.o
action              0x1               obj\Release\main.o
signal_level        0x2               obj\Release\main.o
tx_array            0x8               obj\Release\main.o
battery_mod         0x2               obj\Release\main.o
water_set           0x1               obj\Release\main.o

Memory Configuration

Name             Origin             Length             Attributes
text             0x00000000         0x00002000         xr
data             0x00800060         0x0000ffa0         rw !x
eeprom           0x00810000         0x00010000         rw !x
fuse             0x00820000         0x00000400         rw !x
lock             0x00830000         0x00000400         rw !x
signature        0x00840000         0x00000400         rw !x
*default*        0x00000000         0xffffffff

Linker script and memory map

LOAD c:/winavr-20100110/bin/../lib/gcc/avr/4.3.3/../../../../avr/lib/avr4/crtm8.o
LOAD obj\Release\main.o
LOAD obj\Release\nrf24.o
LOAD c:/winavr-20100110/bin/../lib/gcc/avr/4.3.3/avr4\libgcc.a
LOAD C:\WinAVR-20100110\avr\lib\libm.a
LOAD c:/winavr-20100110/bin/../lib/gcc/avr/4.3.3/avr4\libgcc.a
LOAD C:\WinAVR-20100110\avr\lib\libc.a
LOAD c:/winavr-20100110/bin/../lib/gcc/avr/4.3.3/avr4\libgcc.a

.hash
 *(.hash)

.dynsym
 *(.dynsym)

.dynstr
 *(.dynstr)

.gnu.version
 *(.gnu.version)

.gnu.version_d
 *(.gnu.version_d)

.gnu.version_r
 *(.gnu.version_r)

.rel.init
 *(.rel.init)

.rela.init
 *(.rela.init)

.rel.text
 *(.rel.text)
 *(.rel.text.*)
 *(.rel.gnu.linkonce.t*)

.rela.text
 *(.rela.text)
 *(.rela.text.*)
 *(.rela.gnu.linkonce.t*)

.rel.fini
 *(.rel.fini)

.rela.fini
 *(.rela.fini)

.rel.rodata
 *(.rel.rodata)
 *(.rel.rodata.*)
 *(.rel.gnu.linkonce.r*)

.rela.rodata
 *(.rela.rodata)
 *(.rela.rodata.*)
 *(.rela.gnu.linkonce.r*)

.rel.data
 *(.rel.data)
 *(.rel.data.*)
 *(.rel.gnu.linkonce.d*)

.rela.data
 *(.rela.data)
 *(.rela.data.*)
 *(.rela.gnu.linkonce.d*)

.rel.ctors
 *(.rel.ctors)

.rela.ctors
 *(.rela.ctors)

.rel.dtors
 *(.rel.dtors)

.rela.dtors
 *(.rela.dtors)

.rel.got
 *(.rel.got)

.rela.got
 *(.rela.got)

.rel.bss
 *(.rel.bss)

.rela.bss
 *(.rela.bss)

.rel.plt
 *(.rel.plt)

.rela.plt
 *(.rela.plt)

.text           0x00000000     0x1844
 *(.vectors)
 .vectors       0x00000000       0x26 c:/winavr-20100110/bin/../lib/gcc/avr/4.3.3/../../../../avr/lib/avr4/crtm8.o
                0x00000000                __vectors
                0x00000000                __vector_default
 *(.vectors)
 *(.progmem.gcc*)
 *(.progmem*)
 .progmem.data  0x00000026      0x339 obj\Release\main.o
                0x0000034f                battery_color
                0x00000026                font_5x8
                0x00000346                signal_color
                0x00000360                . = ALIGN (0x2)
 *fill*         0x0000035f        0x1 00
                0x00000360                __trampolines_start = .
 *(.trampolines)
 .trampolines   0x00000360        0x0 linker stubs
 *(.trampolines*)
                0x00000360                __trampolines_end = .
 *(.jumptables)
 *(.jumptables*)
 *(.lowtext)
 *(.lowtext*)
                0x00000360                __ctors_start = .
 *(.ctors)
                0x00000360                __ctors_end = .
                0x00000360                __dtors_start = .
 *(.dtors)
                0x00000360                __dtors_end = .
 SORT(*)(.ctors)
 SORT(*)(.dtors)
 *(.init0)
 .init0         0x00000360        0x0 c:/winavr-20100110/bin/../lib/gcc/avr/4.3.3/../../../../avr/lib/avr4/crtm8.o
                0x00000360                __init
 *(.init0)
 *(.init1)
 *(.init1)
 *(.init2)
 .init2         0x00000360        0xc c:/winavr-20100110/bin/../lib/gcc/avr/4.3.3/../../../../avr/lib/avr4/crtm8.o
 *(.init2)
 *(.init3)
 *(.init3)
 *(.init4)
 .init4         0x0000036c       0x16 c:/winavr-20100110/bin/../lib/gcc/avr/4.3.3/avr4\libgcc.a(_copy_data.o)
                0x0000036c                __do_copy_data
 .init4         0x00000382       0x10 c:/winavr-20100110/bin/../lib/gcc/avr/4.3.3/avr4\libgcc.a(_clear_bss.o)
                0x00000382                __do_clear_bss
 *(.init4)
 *(.init5)
 *(.init5)
 *(.init6)
 *(.init6)
 *(.init7)
 *(.init7)
 *(.init8)
 *(.init8)
 *(.init9)
 .init9         0x00000392        0x4 c:/winavr-20100110/bin/../lib/gcc/avr/4.3.3/../../../../avr/lib/avr4/crtm8.o
 *(.init9)
 *(.text)
 .text          0x00000396        0x2 c:/winavr-20100110/bin/../lib/gcc/avr/4.3.3/../../../../avr/lib/avr4/crtm8.o
                0x00000396                __vector_1
                0x00000396                __vector_12
                0x00000396                __bad_interrupt
                0x00000396                __vector_6
                0x00000396                __vector_3
                0x00000396                __vector_11
                0x00000396                __vector_13
                0x00000396                __vector_17
                0x00000396                __vector_7
                0x00000396                __vector_5
                0x00000396                __vector_4
                0x00000396                __vector_2
                0x00000396                __vector_15
                0x00000396                __vector_8
                0x00000396                __vector_14
                0x00000396                __vector_10
                0x00000396                __vector_16
                0x00000396                __vector_18
 .text          0x00000398     0x1104 obj\Release\main.o
                0x000010aa                get_control
                0x00000f14                graph_warning
                0x00000398                reset
                0x000012c8                actions_switch
                0x00000a60                LCD_DrawLine
                0x0000041c                LCD_init
                0x00000692                Put_Pixel
                0x0000102a                adc_read
                0x00000f48                button_show
                0x00000e46                battery_control
                0x000006aa                Send_Symbol_Shadow
                0x00000d12                signal
                0x000010fe                get_button
                0x00001242                get_battery_model
                0x00001282                init
                0x00000a32                LCD_FillScreen
                0x000013de                main
                0x00001248                __vector_9
                0x00000c56                LCD_FillRect
                0x000003d0                Send_to_lcd
                0x0000088a                LCD_Putchar_Shadow
                0x00000d78                battery_model
                0x00000bc8                LCD_DrawRect
                0x0000064a                SetArea
                0x000011e6                get_battery_control
                0x00000caa                graph_init
                0x00000986                LCD_Puts_Shadow
 .text          0x0000149c      0x2ec obj\Release\nrf24.o
                0x00001706                nrf24_rxFifoEmpty
                0x0000153e                nrf24_lastMessageStatus
                0x000014f0                nrf24_payload_length
                0x0000177a                nrf24_rx_address
                0x000014c0                nrf24_mosi_digitalWrite
                0x00001562                nrf24_payloadLength
                0x000014f6                spi_transfer
                0x000016e4                nrf24_retransmissionCount
                0x00001644                nrf24_getData
                0x00001728                nrf24_dataReady
                0x000014de                nrf24_init
                0x00001554                nrf24_isSending
                0x000015d2                nrf24_configRegister
                0x000014b4                nrf24_sck_digitalWrite
                0x0000173c                nrf24_writeRegister
                0x0000162a                nrf24_powerUpRx
                0x000015ae                nrf24_transmitSync
                0x000016c2                nrf24_readRegister
                0x000015e8                nrf24_powerDown
                0x00001600                nrf24_send
                0x000015f2                nrf24_powerUpTx
                0x00001668                nrf24_config
                0x000014a8                nrf24_csn_digitalWrite
                0x0000156e                nrf24_transferSync
                0x0000175e                nrf24_tx_address
                0x0000149c                nrf24_ce_digitalWrite
                0x00001534                nrf24_getStatus
                0x000014cc                nrf24_miso_digitalRead
 .text          0x00001788        0x0 c:/winavr-20100110/bin/../lib/gcc/avr/4.3.3/avr4\libgcc.a(_udivmodhi4.o)
 .text          0x00001788        0x0 c:/winavr-20100110/bin/../lib/gcc/avr/4.3.3/avr4\libgcc.a(_divmodhi4.o)
 .text          0x00001788        0x0 c:/winavr-20100110/bin/../lib/gcc/avr/4.3.3/avr4\libgcc.a(_exit.o)
 .text          0x00001788        0x0 c:/winavr-20100110/bin/../lib/gcc/avr/4.3.3/avr4\libgcc.a(_copy_data.o)
 .text          0x00001788        0x0 c:/winavr-20100110/bin/../lib/gcc/avr/4.3.3/avr4\libgcc.a(_clear_bss.o)
 .text          0x00001788        0x0 C:\WinAVR-20100110\avr\lib\libc.a(itoa.o)
 .text          0x00001788        0x0 C:\WinAVR-20100110\avr\lib\libc.a(strrev.o)
                0x00001788                . = ALIGN (0x2)
 *(.text.*)
 .text.libgcc   0x00001788       0x28 c:/winavr-20100110/bin/../lib/gcc/avr/4.3.3/avr4\libgcc.a(_udivmodhi4.o)
                0x00001788                __udivmodhi4
 .text.libgcc   0x000017b0       0x26 c:/winavr-20100110/bin/../lib/gcc/avr/4.3.3/avr4\libgcc.a(_divmodhi4.o)
                0x000017b0                __divmodhi4
                0x000017b0                _div
 .text.libgcc   0x000017d6        0x0 c:/winavr-20100110/bin/../lib/gcc/avr/4.3.3/avr4\libgcc.a(_exit.o)
 .text.libgcc   0x000017d6        0x0 c:/winavr-20100110/bin/../lib/gcc/avr/4.3.3/avr4\libgcc.a(_copy_data.o)
 .text.libgcc   0x000017d6        0x0 c:/winavr-20100110/bin/../lib/gcc/avr/4.3.3/avr4\libgcc.a(_clear_bss.o)
 .text.avr-libc
                0x000017d6       0x46 C:\WinAVR-20100110\avr\lib\libc.a(itoa.o)
                0x000017d6                itoa
 .text.avr-libc
                0x0000181c       0x24 C:\WinAVR-20100110\avr\lib\libc.a(strrev.o)
                0x0000181c                strrev
                0x00001840                . = ALIGN (0x2)
 *(.fini9)
 .fini9         0x00001840        0x0 c:/winavr-20100110/bin/../lib/gcc/avr/4.3.3/avr4\libgcc.a(_exit.o)
                0x00001840                exit
                0x00001840                _exit
 *(.fini9)
 *(.fini8)
 *(.fini8)
 *(.fini7)
 *(.fini7)
 *(.fini6)
 *(.fini6)
 *(.fini5)
 *(.fini5)
 *(.fini4)
 *(.fini4)
 *(.fini3)
 *(.fini3)
 *(.fini2)
 *(.fini2)
 *(.fini1)
 *(.fini1)
 *(.fini0)
 .fini0         0x00001840        0x4 c:/winavr-20100110/bin/../lib/gcc/avr/4.3.3/avr4\libgcc.a(_exit.o)
 *(.fini0)
                0x00001844                _etext = .

.data           0x00800060       0x48 load address 0x00001844
                0x00800060                PROVIDE (__data_start, .)
 *(.data)
 .data          0x00800060        0x0 c:/winavr-20100110/bin/../lib/gcc/avr/4.3.3/../../../../avr/lib/avr4/crtm8.o
 .data          0x00800060       0x48 obj\Release\main.o
                0x00800088                button_push
                0x0080007e                rx_address
                0x00800083                tx_address
                0x00800066                mux
 .data          0x008000a8        0x0 obj\Release\nrf24.o
 .data          0x008000a8        0x0 c:/winavr-20100110/bin/../lib/gcc/avr/4.3.3/avr4\libgcc.a(_udivmodhi4.o)
 .data          0x008000a8        0x0 c:/winavr-20100110/bin/../lib/gcc/avr/4.3.3/avr4\libgcc.a(_divmodhi4.o)
 .data          0x008000a8        0x0 c:/winavr-20100110/bin/../lib/gcc/avr/4.3.3/avr4\libgcc.a(_exit.o)
 .data          0x008000a8        0x0 c:/winavr-20100110/bin/../lib/gcc/avr/4.3.3/avr4\libgcc.a(_copy_data.o)
 .data          0x008000a8        0x0 c:/winavr-20100110/bin/../lib/gcc/avr/4.3.3/avr4\libgcc.a(_clear_bss.o)
 .data          0x008000a8        0x0 C:\WinAVR-20100110\avr\lib\libc.a(itoa.o)
 .data          0x008000a8        0x0 C:\WinAVR-20100110\avr\lib\libc.a(strrev.o)
 *(.data*)
 *(.rodata)
 *(.rodata*)
 *(.gnu.linkonce.d*)
                0x008000a8                . = ALIGN (0x2)
                0x008000a8                _edata = .
                0x008000a8                PROVIDE (__data_end, .)

.bss            0x008000a8       0x2c
                0x008000a8                PROVIDE (__bss_start, .)
 *(.bss)
 .bss           0x008000a8        0x0 c:/winavr-20100110/bin/../lib/gcc/avr/4.3.3/../../../../avr/lib/avr4/crtm8.o
 .bss           0x008000a8        0x2 obj\Release\main.o
                0x008000a8                com_row
                0x008000a9                com_column
 .bss           0x008000aa        0x0 obj\Release\nrf24.o
 .bss           0x008000aa        0x0 c:/winavr-20100110/bin/../lib/gcc/avr/4.3.3/avr4\libgcc.a(_udivmodhi4.o)
 .bss           0x008000aa        0x0 c:/winavr-20100110/bin/../lib/gcc/avr/4.3.3/avr4\libgcc.a(_divmodhi4.o)
 .bss           0x008000aa        0x0 c:/winavr-20100110/bin/../lib/gcc/avr/4.3.3/avr4\libgcc.a(_exit.o)
 .bss           0x008000aa        0x0 c:/winavr-20100110/bin/../lib/gcc/avr/4.3.3/avr4\libgcc.a(_copy_data.o)
 .bss           0x008000aa        0x0 c:/winavr-20100110/bin/../lib/gcc/avr/4.3.3/avr4\libgcc.a(_clear_bss.o)
 .bss           0x008000aa        0x0 C:\WinAVR-20100110\avr\lib\libc.a(itoa.o)
 .bss           0x008000aa        0x0 C:\WinAVR-20100110\avr\lib\libc.a(strrev.o)
 *(.bss*)
 *(COMMON)
 COMMON         0x008000aa       0x29 obj\Release\main.o
                0x008000aa                control
                0x008000ae                water
                0x008000af                battery_ctrl
                0x008000b1                RS_old
                0x008000b2                counter_rx
                0x008000b3                ds18temp
                0x008000b5                water_old
                0x008000b6                string
                0x008000bc                button
                0x008000bd                rx_array
                0x008000c5                action
                0x008000c6                signal_level
                0x008000c8                tx_array
                0x008000d0                battery_mod
                0x008000d2                water_set
 COMMON         0x008000d3        0x1 obj\Release\nrf24.o
                0x008000d3                payload_len
                0x008000d4                PROVIDE (__bss_end, .)
                0x00001844                __data_load_start = LOADADDR (.data)
                0x0000188c                __data_load_end = (__data_load_start + SIZEOF (.data))

.noinit         0x008000d4        0x0
                0x008000d4                PROVIDE (__noinit_start, .)
 *(.noinit*)
                0x008000d4                PROVIDE (__noinit_end, .)
                0x008000d4                _end = .
                0x008000d4                PROVIDE (__heap_start, .)

.eeprom         0x00810000        0x0
 *(.eeprom*)
                0x00810000                __eeprom_end = .

.fuse
 *(.fuse)
 *(.lfuse)
 *(.hfuse)
 *(.efuse)

.lock
 *(.lock*)

.signature
 *(.signature*)

.stab
 *(.stab)

.stabstr
 *(.stabstr)

.stab.excl
 *(.stab.excl)

.stab.exclstr
 *(.stab.exclstr)

.stab.index
 *(.stab.index)

.stab.indexstr
 *(.stab.indexstr)

.comment
 *(.comment)

.debug
 *(.debug)

.line
 *(.line)

.debug_srcinfo
 *(.debug_srcinfo)

.debug_sfnames
 *(.debug_sfnames)

.debug_aranges
 *(.debug_aranges)

.debug_pubnames
 *(.debug_pubnames)

.debug_info
 *(.debug_info)
 *(.gnu.linkonce.wi.*)

.debug_abbrev
 *(.debug_abbrev)

.debug_line
 *(.debug_line)

.debug_frame
 *(.debug_frame)

.debug_str
 *(.debug_str)

.debug_loc
 *(.debug_loc)

.debug_macinfo
 *(.debug_macinfo)
OUTPUT(bin\Release\RC.elf elf32-avr)
LOAD linker stubs

Cross Reference Table

Symbol                                            File
LCD_DrawLine                                      obj\Release\main.o
LCD_DrawRect                                      obj\Release\main.o
LCD_FillRect                                      obj\Release\main.o
LCD_FillScreen                                    obj\Release\main.o
LCD_Putchar_Shadow                                obj\Release\main.o
LCD_Puts_Shadow                                   obj\Release\main.o
LCD_init                                          obj\Release\main.o
Put_Pixel                                         obj\Release\main.o
RS_old                                            obj\Release\main.o
Send_Symbol_Shadow                                obj\Release\main.o
Send_to_lcd                                       obj\Release\main.o
SetArea                                           obj\Release\main.o
__bad_interrupt                                   c:/winavr-20100110/bin/../lib/gcc/avr/4.3.3/../../../../avr/lib/avr4/crtm8.o
__bss_end                                         c:/winavr-20100110/bin/../lib/gcc/avr/4.3.3/avr4\libgcc.a(_clear_bss.o)
__bss_start                                       c:/winavr-20100110/bin/../lib/gcc/avr/4.3.3/avr4\libgcc.a(_clear_bss.o)
__data_end                                        c:/winavr-20100110/bin/../lib/gcc/avr/4.3.3/avr4\libgcc.a(_copy_data.o)
__data_load_start                                 c:/winavr-20100110/bin/../lib/gcc/avr/4.3.3/avr4\libgcc.a(_copy_data.o)
__data_start                                      c:/winavr-20100110/bin/../lib/gcc/avr/4.3.3/avr4\libgcc.a(_copy_data.o)
__divmodhi4                                       c:/winavr-20100110/bin/../lib/gcc/avr/4.3.3/avr4\libgcc.a(_divmodhi4.o)
                                                  obj\Release\main.o
__do_clear_bss                                    c:/winavr-20100110/bin/../lib/gcc/avr/4.3.3/avr4\libgcc.a(_clear_bss.o)
                                                  obj\Release\nrf24.o
                                                  obj\Release\main.o
__do_copy_data                                    c:/winavr-20100110/bin/../lib/gcc/avr/4.3.3/avr4\libgcc.a(_copy_data.o)
                                                  obj\Release\main.o
__heap_end                                        c:/winavr-20100110/bin/../lib/gcc/avr/4.3.3/../../../../avr/lib/avr4/crtm8.o
__init                                            c:/winavr-20100110/bin/../lib/gcc/avr/4.3.3/../../../../avr/lib/avr4/crtm8.o
__stack                                           c:/winavr-20100110/bin/../lib/gcc/avr/4.3.3/../../../../avr/lib/avr4/crtm8.o
__udivmodhi4                                      c:/winavr-20100110/bin/../lib/gcc/avr/4.3.3/avr4\libgcc.a(_udivmodhi4.o)
                                                  C:\WinAVR-20100110\avr\lib\libc.a(itoa.o)
                                                  c:/winavr-20100110/bin/../lib/gcc/avr/4.3.3/avr4\libgcc.a(_divmodhi4.o)
                                                  obj\Release\main.o
__vector_1                                        c:/winavr-20100110/bin/../lib/gcc/avr/4.3.3/../../../../avr/lib/avr4/crtm8.o
__vector_10                                       c:/winavr-20100110/bin/../lib/gcc/avr/4.3.3/../../../../avr/lib/avr4/crtm8.o
__vector_11                                       c:/winavr-20100110/bin/../lib/gcc/avr/4.3.3/../../../../avr/lib/avr4/crtm8.o
__vector_12                                       c:/winavr-20100110/bin/../lib/gcc/avr/4.3.3/../../../../avr/lib/avr4/crtm8.o
__vector_13                                       c:/winavr-20100110/bin/../lib/gcc/avr/4.3.3/../../../../avr/lib/avr4/crtm8.o
__vector_14                                       c:/winavr-20100110/bin/../lib/gcc/avr/4.3.3/../../../../avr/lib/avr4/crtm8.o
__vector_15                                       c:/winavr-20100110/bin/../lib/gcc/avr/4.3.3/../../../../avr/lib/avr4/crtm8.o
__vector_16                                       c:/winavr-20100110/bin/../lib/gcc/avr/4.3.3/../../../../avr/lib/avr4/crtm8.o
__vector_17                                       c:/winavr-20100110/bin/../lib/gcc/avr/4.3.3/../../../../avr/lib/avr4/crtm8.o
__vector_18                                       c:/winavr-20100110/bin/../lib/gcc/avr/4.3.3/../../../../avr/lib/avr4/crtm8.o
__vector_2                                        c:/winavr-20100110/bin/../lib/gcc/avr/4.3.3/../../../../avr/lib/avr4/crtm8.o
__vector_3                                        c:/winavr-20100110/bin/../lib/gcc/avr/4.3.3/../../../../avr/lib/avr4/crtm8.o
__vector_4                                        c:/winavr-20100110/bin/../lib/gcc/avr/4.3.3/../../../../avr/lib/avr4/crtm8.o
__vector_5                                        c:/winavr-20100110/bin/../lib/gcc/avr/4.3.3/../../../../avr/lib/avr4/crtm8.o
__vector_6                                        c:/winavr-20100110/bin/../lib/gcc/avr/4.3.3/../../../../avr/lib/avr4/crtm8.o
__vector_7                                        c:/winavr-20100110/bin/../lib/gcc/avr/4.3.3/../../../../avr/lib/avr4/crtm8.o
__vector_8                                        c:/winavr-20100110/bin/../lib/gcc/avr/4.3.3/../../../../avr/lib/avr4/crtm8.o
__vector_9                                        obj\Release\main.o
                                                  c:/winavr-20100110/bin/../lib/gcc/avr/4.3.3/../../../../avr/lib/avr4/crtm8.o
__vector_default                                  c:/winavr-20100110/bin/../lib/gcc/avr/4.3.3/../../../../avr/lib/avr4/crtm8.o
__vectors                                         c:/winavr-20100110/bin/../lib/gcc/avr/4.3.3/../../../../avr/lib/avr4/crtm8.o
_div                                              c:/winavr-20100110/bin/../lib/gcc/avr/4.3.3/avr4\libgcc.a(_divmodhi4.o)
_exit                                             c:/winavr-20100110/bin/../lib/gcc/avr/4.3.3/avr4\libgcc.a(_exit.o)
action                                            obj\Release\main.o
actions_switch                                    obj\Release\main.o
adc_read                                          obj\Release\main.o
battery_color                                     obj\Release\main.o
battery_control                                   obj\Release\main.o
battery_ctrl                                      obj\Release\main.o
battery_mod                                       obj\Release\main.o
battery_model                                     obj\Release\main.o
button                                            obj\Release\main.o
button_push                                       obj\Release\main.o
button_show                                       obj\Release\main.o
com_column                                        obj\Release\main.o
com_row                                           obj\Release\main.o
control                                           obj\Release\main.o
counter_rx                                        obj\Release\main.o
ds18temp                                          obj\Release\main.o
exit                                              c:/winavr-20100110/bin/../lib/gcc/avr/4.3.3/avr4\libgcc.a(_exit.o)
                                                  c:/winavr-20100110/bin/../lib/gcc/avr/4.3.3/../../../../avr/lib/avr4/crtm8.o
font_5x8                                          obj\Release\main.o
get_battery_control                               obj\Release\main.o
get_battery_model                                 obj\Release\main.o
get_button                                        obj\Release\main.o
get_control                                       obj\Release\main.o
graph_init                                        obj\Release\main.o
graph_warning                                     obj\Release\main.o
init                                              obj\Release\main.o
itoa                                              C:\WinAVR-20100110\avr\lib\libc.a(itoa.o)
                                                  obj\Release\main.o
main                                              obj\Release\main.o
                                                  c:/winavr-20100110/bin/../lib/gcc/avr/4.3.3/../../../../avr/lib/avr4/crtm8.o
mux                                               obj\Release\main.o
nrf24_ce_digitalWrite                             obj\Release\nrf24.o
nrf24_config                                      obj\Release\nrf24.o
                                                  obj\Release\main.o
nrf24_configRegister                              obj\Release\nrf24.o
nrf24_csn_digitalWrite                            obj\Release\nrf24.o
nrf24_dataReady                                   obj\Release\nrf24.o
                                                  obj\Release\main.o
nrf24_getData                                     obj\Release\nrf24.o
                                                  obj\Release\main.o
nrf24_getStatus                                   obj\Release\nrf24.o
nrf24_init                                        obj\Release\nrf24.o
                                                  obj\Release\main.o
nrf24_isSending                                   obj\Release\nrf24.o
                                                  obj\Release\main.o
nrf24_lastMessageStatus                           obj\Release\nrf24.o
nrf24_miso_digitalRead                            obj\Release\nrf24.o
nrf24_mosi_digitalWrite                           obj\Release\nrf24.o
nrf24_payloadLength                               obj\Release\nrf24.o
nrf24_payload_length                              obj\Release\nrf24.o
nrf24_powerDown                                   obj\Release\nrf24.o
nrf24_powerUpRx                                   obj\Release\nrf24.o
                                                  obj\Release\main.o
nrf24_powerUpTx                                   obj\Release\nrf24.o
                                                  obj\Release\main.o
nrf24_readRegister                                obj\Release\nrf24.o
nrf24_retransmissionCount                         obj\Release\nrf24.o
                                                  obj\Release\main.o
nrf24_rxFifoEmpty                                 obj\Release\nrf24.o
nrf24_rx_address                                  obj\Release\nrf24.o
                                                  obj\Release\main.o
nrf24_sck_digitalWrite                            obj\Release\nrf24.o
nrf24_send                                        obj\Release\nrf24.o
                                                  obj\Release\main.o
nrf24_transferSync                                obj\Release\nrf24.o
nrf24_transmitSync                                obj\Release\nrf24.o
nrf24_tx_address                                  obj\Release\nrf24.o
                                                  obj\Release\main.o
nrf24_writeRegister                               obj\Release\nrf24.o
payload_len                                       obj\Release\nrf24.o
reset                                             obj\Release\main.o
rx_address                                        obj\Release\main.o
rx_array                                          obj\Release\main.o
signal                                            obj\Release\main.o
signal_color                                      obj\Release\main.o
signal_level                                      obj\Release\main.o
spi_transfer                                      obj\Release\nrf24.o
string                                            obj\Release\main.o
strrev                                            C:\WinAVR-20100110\avr\lib\libc.a(strrev.o)
                                                  C:\WinAVR-20100110\avr\lib\libc.a(itoa.o)
tx_address                                        obj\Release\main.o
tx_array                                          obj\Release\main.o
water                                             obj\Release\main.o
water_old                                         obj\Release\main.o
water_set                                         obj\Release\main.o
