Archive member included because of file (symbol)

c:/winavr/bin/../lib/gcc/avr/4.3.3/avr25\libgcc.a(_mulhi3.o)
                              obj/main.o (__mulhi3)
c:/winavr/bin/../lib/gcc/avr/4.3.3/avr25\libgcc.a(_udivmodhi4.o)
                              obj/main.o (__udivmodhi4)
c:/winavr/bin/../lib/gcc/avr/4.3.3/avr25\libgcc.a(_exit.o)
                              c:/winavr/bin/../lib/gcc/avr/4.3.3/../../../../avr/lib/avr25/crttn2313a.o (exit)
c:/winavr/bin/../lib/gcc/avr/4.3.3/avr25\libgcc.a(_clear_bss.o)
                              obj/main.o (__do_clear_bss)
c:/winavr/bin/../lib/gcc/avr/4.3.3/../../../../avr/lib/avr25\libc.a(eerd_byte_attiny2313a.o)
                              obj/main.o (__eerd_byte_tn2313a)
c:/winavr/bin/../lib/gcc/avr/4.3.3/../../../../avr/lib/avr25\libc.a(eerd_word_attiny2313a.o)
                              obj/main.o (__eerd_word_tn2313a)
c:/winavr/bin/../lib/gcc/avr/4.3.3/../../../../avr/lib/avr25\libc.a(eeupd_byte_attiny2313a.o)
                              obj/main.o (__eeupd_byte_tn2313a)
c:/winavr/bin/../lib/gcc/avr/4.3.3/../../../../avr/lib/avr25\libc.a(eeupd_word_attiny2313a.o)
                              obj/main.o (__eeupd_word_tn2313a)
c:/winavr/bin/../lib/gcc/avr/4.3.3/../../../../avr/lib/avr25\libc.a(eerd_block_attiny2313a.o)
                              c:/winavr/bin/../lib/gcc/avr/4.3.3/../../../../avr/lib/avr25\libc.a(eerd_word_attiny2313a.o) (__eerd_blraw_tn2313a)

Allocating common symbols
Common symbol       size              file

SETVAL_TEMP         0x2               obj/main.o
SEGM_RAZR           0x3               obj/main.o
SETVAL_PID          0x1               obj/main.o

Memory Configuration

Name             Origin             Length             Attributes
text             0x00000000         0x00002000         xr
data             0x00800060         0x0000ffa0         rw !x
eeprom           0x00810000         0x00010000         rw !x
fuse             0x00820000         0x00000400         rw !x
lock             0x00830000         0x00000400         rw !x
signature        0x00840000         0x00000400         rw !x
*default*        0x00000000         0xffffffff

Linker script and memory map

LOAD c:/winavr/bin/../lib/gcc/avr/4.3.3/../../../../avr/lib/avr25/crttn2313a.o
LOAD obj/main.o
LOAD c:/winavr/bin/../lib/gcc/avr/4.3.3/../../../../avr/lib/avr25\libm.a
LOAD c:/winavr/bin/../lib/gcc/avr/4.3.3/avr25\libgcc.a
LOAD c:/winavr/bin/../lib/gcc/avr/4.3.3/../../../../avr/lib/avr25\libc.a
LOAD c:/winavr/bin/../lib/gcc/avr/4.3.3/avr25\libgcc.a

.hash
 *(.hash)

.dynsym
 *(.dynsym)

.dynstr
 *(.dynstr)

.gnu.version
 *(.gnu.version)

.gnu.version_d
 *(.gnu.version_d)

.gnu.version_r
 *(.gnu.version_r)

.rel.init
 *(.rel.init)

.rela.init
 *(.rela.init)

.rel.text
 *(.rel.text)
 *(.rel.text.*)
 *(.rel.gnu.linkonce.t*)

.rela.text
 *(.rela.text)
 *(.rela.text.*)
 *(.rela.gnu.linkonce.t*)

.rel.fini
 *(.rel.fini)

.rela.fini
 *(.rela.fini)

.rel.rodata
 *(.rel.rodata)
 *(.rel.rodata.*)
 *(.rel.gnu.linkonce.r*)

.rela.rodata
 *(.rela.rodata)
 *(.rela.rodata.*)
 *(.rela.gnu.linkonce.r*)

.rel.data
 *(.rel.data)
 *(.rel.data.*)
 *(.rel.gnu.linkonce.d*)

.rela.data
 *(.rela.data)
 *(.rela.data.*)
 *(.rela.gnu.linkonce.d*)

.rel.ctors
 *(.rel.ctors)

.rela.ctors
 *(.rela.ctors)

.rel.dtors
 *(.rel.dtors)

.rela.dtors
 *(.rela.dtors)

.rel.got
 *(.rel.got)

.rela.got
 *(.rela.got)

.rel.bss
 *(.rel.bss)

.rela.bss
 *(.rela.bss)

.rel.plt
 *(.rel.plt)

.rela.plt
 *(.rela.plt)

.text           0x00000000      0x5da
 *(.vectors)
 .vectors       0x00000000       0x2a c:/winavr/bin/../lib/gcc/avr/4.3.3/../../../../avr/lib/avr25/crttn2313a.o
                0x00000000                __vectors
                0x00000000                __vector_default
 *(.vectors)
 *(.progmem.gcc*)
 *(.progmem*)
 .progmem.data  0x0000002a        0xc obj/main.o
                0x0000002a                DigSeg
                0x00000036                . = ALIGN (0x2)
                0x00000036                __trampolines_start = .
 *(.trampolines)
 .trampolines   0x00000036        0x0 linker stubs
 *(.trampolines*)
                0x00000036                __trampolines_end = .
 *(.jumptables)
 *(.jumptables*)
 *(.lowtext)
 *(.lowtext*)
                0x00000036                __ctors_start = .
 *(.ctors)
                0x00000036                __ctors_end = .
                0x00000036                __dtors_start = .
 *(.dtors)
                0x00000036                __dtors_end = .
 SORT(*)(.ctors)
 SORT(*)(.dtors)
 *(.init0)
 .init0         0x00000036        0x0 c:/winavr/bin/../lib/gcc/avr/4.3.3/../../../../avr/lib/avr25/crttn2313a.o
                0x00000036                __init
 *(.init0)
 *(.init1)
 *(.init1)
 *(.init2)
 .init2         0x00000036        0x8 c:/winavr/bin/../lib/gcc/avr/4.3.3/../../../../avr/lib/avr25/crttn2313a.o
 *(.init2)
 *(.init3)
 *(.init3)
 *(.init4)
 .init4         0x0000003e       0x10 c:/winavr/bin/../lib/gcc/avr/4.3.3/avr25\libgcc.a(_clear_bss.o)
                0x0000003e                __do_clear_bss
 *(.init4)
 *(.init5)
 *(.init5)
 *(.init6)
 *(.init6)
 *(.init7)
 *(.init7)
 *(.init8)
 *(.init8)
 *(.init9)
 .init9         0x0000004e        0x4 c:/winavr/bin/../lib/gcc/avr/4.3.3/../../../../avr/lib/avr25/crttn2313a.o
 *(.init9)
 *(.text)
 .text          0x00000052        0x2 c:/winavr/bin/../lib/gcc/avr/4.3.3/../../../../avr/lib/avr25/crttn2313a.o
                0x00000052                __vector_1
                0x00000052                __vector_12
                0x00000052                __bad_interrupt
                0x00000052                __vector_3
                0x00000052                __vector_11
                0x00000052                __vector_13
                0x00000052                __vector_17
                0x00000052                __vector_19
                0x00000052                __vector_7
                0x00000052                __vector_5
                0x00000052                __vector_9
                0x00000052                __vector_2
                0x00000052                __vector_15
                0x00000052                __vector_8
                0x00000052                __vector_14
                0x00000052                __vector_10
                0x00000052                __vector_16
                0x00000052                __vector_18
                0x00000052                __vector_20
 .text          0x00000054      0x4d6 obj/main.o
                0x000003f8                ProcessingPID
                0x000000bc                __vector_6
                0x00000364                ReadMAX6675
                0x000000de                NumberToButeBuffer
                0x0000044a                LoadValuesFromEEPROM
                0x000001f0                ChangeVALUE
                0x00000298                ProcessingButtons
                0x000003ba                CalculatePID
                0x00000054                init
                0x00000464                main
                0x00000096                __vector_4
                0x0000017c                CheckButtons
                0x00000430                UpdateValuesFromEEPROM
                0x0000011a                Display
 .text          0x0000052a        0x0 c:/winavr/bin/../lib/gcc/avr/4.3.3/avr25\libgcc.a(_mulhi3.o)
 .text          0x0000052a        0x0 c:/winavr/bin/../lib/gcc/avr/4.3.3/avr25\libgcc.a(_udivmodhi4.o)
 .text          0x0000052a        0x0 c:/winavr/bin/../lib/gcc/avr/4.3.3/avr25\libgcc.a(_exit.o)
 .text          0x0000052a        0x0 c:/winavr/bin/../lib/gcc/avr/4.3.3/avr25\libgcc.a(_clear_bss.o)
 .text          0x0000052a        0x0 c:/winavr/bin/../lib/gcc/avr/4.3.3/../../../../avr/lib/avr25\libc.a(eerd_byte_attiny2313a.o)
 .text          0x0000052a        0x0 c:/winavr/bin/../lib/gcc/avr/4.3.3/../../../../avr/lib/avr25\libc.a(eerd_word_attiny2313a.o)
 .text          0x0000052a        0x0 c:/winavr/bin/../lib/gcc/avr/4.3.3/../../../../avr/lib/avr25\libc.a(eeupd_byte_attiny2313a.o)
 .text          0x0000052a        0x0 c:/winavr/bin/../lib/gcc/avr/4.3.3/../../../../avr/lib/avr25\libc.a(eeupd_word_attiny2313a.o)
 .text          0x0000052a        0x0 c:/winavr/bin/../lib/gcc/avr/4.3.3/../../../../avr/lib/avr25\libc.a(eerd_block_attiny2313a.o)
                0x0000052a                . = ALIGN (0x2)
 *(.text.*)
 .text.libgcc   0x0000052a       0x24 c:/winavr/bin/../lib/gcc/avr/4.3.3/avr25\libgcc.a(_mulhi3.o)
                0x0000052a                __mulhi3
 .text.libgcc   0x0000054e       0x28 c:/winavr/bin/../lib/gcc/avr/4.3.3/avr25\libgcc.a(_udivmodhi4.o)
                0x0000054e                __udivmodhi4
 .text.libgcc   0x00000576        0x0 c:/winavr/bin/../lib/gcc/avr/4.3.3/avr25\libgcc.a(_exit.o)
 .text.libgcc   0x00000576        0x0 c:/winavr/bin/../lib/gcc/avr/4.3.3/avr25\libgcc.a(_clear_bss.o)
 .text.avr-libc
                0x00000576       0x10 c:/winavr/bin/../lib/gcc/avr/4.3.3/../../../../avr/lib/avr25\libc.a(eerd_byte_attiny2313a.o)
                0x00000576                __eerd_byte_tn2313a
 .text.avr-libc
                0x00000586        0x6 c:/winavr/bin/../lib/gcc/avr/4.3.3/../../../../avr/lib/avr25\libc.a(eerd_word_attiny2313a.o)
                0x00000586                __eerd_word_tn2313a
 .text.avr-libc
                0x0000058c       0x24 c:/winavr/bin/../lib/gcc/avr/4.3.3/../../../../avr/lib/avr25\libc.a(eeupd_byte_attiny2313a.o)
                0x0000058e                __eeupd_r18_tn2313a
                0x0000058c                __eeupd_byte_tn2313a
 .text.avr-libc
                0x000005b0        0x8 c:/winavr/bin/../lib/gcc/avr/4.3.3/../../../../avr/lib/avr25\libc.a(eeupd_word_attiny2313a.o)
                0x000005b0                __eeupd_word_tn2313a
 .text.avr-libc
                0x000005b8       0x1e c:/winavr/bin/../lib/gcc/avr/4.3.3/../../../../avr/lib/avr25\libc.a(eerd_block_attiny2313a.o)
                0x000005bc                __eerd_blraw_tn2313a
                0x000005b8                __eerd_block_tn2313a
                0x000005d6                . = ALIGN (0x2)
 *(.fini9)
 .fini9         0x000005d6        0x0 c:/winavr/bin/../lib/gcc/avr/4.3.3/avr25\libgcc.a(_exit.o)
                0x000005d6                exit
                0x000005d6                _exit
 *(.fini9)
 *(.fini8)
 *(.fini8)
 *(.fini7)
 *(.fini7)
 *(.fini6)
 *(.fini6)
 *(.fini5)
 *(.fini5)
 *(.fini4)
 *(.fini4)
 *(.fini3)
 *(.fini3)
 *(.fini2)
 *(.fini2)
 *(.fini1)
 *(.fini1)
 *(.fini0)
 .fini0         0x000005d6        0x4 c:/winavr/bin/../lib/gcc/avr/4.3.3/avr25\libgcc.a(_exit.o)
 *(.fini0)
                0x000005da                _etext = .

.data           0x00800060        0x0 load address 0x000005da
                0x00800060                PROVIDE (__data_start, .)
 *(.data)
 .data          0x00800060        0x0 c:/winavr/bin/../lib/gcc/avr/4.3.3/../../../../avr/lib/avr25/crttn2313a.o
 .data          0x00800060        0x0 obj/main.o
 .data          0x00800060        0x0 c:/winavr/bin/../lib/gcc/avr/4.3.3/avr25\libgcc.a(_mulhi3.o)
 .data          0x00800060        0x0 c:/winavr/bin/../lib/gcc/avr/4.3.3/avr25\libgcc.a(_udivmodhi4.o)
 .data          0x00800060        0x0 c:/winavr/bin/../lib/gcc/avr/4.3.3/avr25\libgcc.a(_exit.o)
 .data          0x00800060        0x0 c:/winavr/bin/../lib/gcc/avr/4.3.3/avr25\libgcc.a(_clear_bss.o)
 .data          0x00800060        0x0 c:/winavr/bin/../lib/gcc/avr/4.3.3/../../../../avr/lib/avr25\libc.a(eerd_byte_attiny2313a.o)
 .data          0x00800060        0x0 c:/winavr/bin/../lib/gcc/avr/4.3.3/../../../../avr/lib/avr25\libc.a(eerd_word_attiny2313a.o)
 .data          0x00800060        0x0 c:/winavr/bin/../lib/gcc/avr/4.3.3/../../../../avr/lib/avr25\libc.a(eeupd_byte_attiny2313a.o)
 .data          0x00800060        0x0 c:/winavr/bin/../lib/gcc/avr/4.3.3/../../../../avr/lib/avr25\libc.a(eeupd_word_attiny2313a.o)
 .data          0x00800060        0x0 c:/winavr/bin/../lib/gcc/avr/4.3.3/../../../../avr/lib/avr25\libc.a(eerd_block_attiny2313a.o)
 *(.data*)
 *(.rodata)
 *(.rodata*)
 *(.gnu.linkonce.d*)
                0x00800060                . = ALIGN (0x2)
                0x00800060                _edata = .
                0x00800060                PROVIDE (__data_end, .)

.bss            0x00800060       0x14
                0x00800060                PROVIDE (__bss_start, .)
 *(.bss)
 .bss           0x00800060        0x0 c:/winavr/bin/../lib/gcc/avr/4.3.3/../../../../avr/lib/avr25/crttn2313a.o
 .bss           0x00800060        0xe obj/main.o
                0x00800062                EDIT_OUT_CNT
                0x00800065                IND_RAZR
                0x0080006d                STATUS_TC
                0x00800069                CNT_TEMP_START
                0x0080006b                VALUE_TC
                0x00800068                PID_VAL
                0x00800060                FLAGS1
                0x00800067                PID_CNT
                0x00800061                BUTTON
                0x00800066                SHAKE_CNT
                0x00800064                EDIT_CNT
 .bss           0x0080006e        0x0 c:/winavr/bin/../lib/gcc/avr/4.3.3/avr25\libgcc.a(_mulhi3.o)
 .bss           0x0080006e        0x0 c:/winavr/bin/../lib/gcc/avr/4.3.3/avr25\libgcc.a(_udivmodhi4.o)
 .bss           0x0080006e        0x0 c:/winavr/bin/../lib/gcc/avr/4.3.3/avr25\libgcc.a(_exit.o)
 .bss           0x0080006e        0x0 c:/winavr/bin/../lib/gcc/avr/4.3.3/avr25\libgcc.a(_clear_bss.o)
 .bss           0x0080006e        0x0 c:/winavr/bin/../lib/gcc/avr/4.3.3/../../../../avr/lib/avr25\libc.a(eerd_byte_attiny2313a.o)
 .bss           0x0080006e        0x0 c:/winavr/bin/../lib/gcc/avr/4.3.3/../../../../avr/lib/avr25\libc.a(eerd_word_attiny2313a.o)
 .bss           0x0080006e        0x0 c:/winavr/bin/../lib/gcc/avr/4.3.3/../../../../avr/lib/avr25\libc.a(eeupd_byte_attiny2313a.o)
 .bss           0x0080006e        0x0 c:/winavr/bin/../lib/gcc/avr/4.3.3/../../../../avr/lib/avr25\libc.a(eeupd_word_attiny2313a.o)
 .bss           0x0080006e        0x0 c:/winavr/bin/../lib/gcc/avr/4.3.3/../../../../avr/lib/avr25\libc.a(eerd_block_attiny2313a.o)
 *(.bss*)
 *(COMMON)
 COMMON         0x0080006e        0x6 obj/main.o
                0x0080006e                SETVAL_TEMP
                0x00800070                SEGM_RAZR
                0x00800073                SETVAL_PID
                0x00800074                PROVIDE (__bss_end, .)
                0x000005da                __data_load_start = LOADADDR (.data)
                0x000005da                __data_load_end = (__data_load_start + SIZEOF (.data))

.noinit         0x00800074        0x0
                0x00800074                PROVIDE (__noinit_start, .)
 *(.noinit*)
                0x00800074                PROVIDE (__noinit_end, .)
                0x00800074                _end = .
                0x00800074                PROVIDE (__heap_start, .)

.eeprom         0x00810000        0x4
 *(.eeprom*)
 .eeprom        0x00810000        0x4 obj/main.o
                0x00810002                EE_SETVAL_PID
                0x00810000                EE_SETVAL_TEMP
                0x00810004                __eeprom_end = .

.fuse
 *(.fuse)
 *(.lfuse)
 *(.hfuse)
 *(.efuse)

.lock
 *(.lock*)

.signature
 *(.signature*)

.stab
 *(.stab)

.stabstr
 *(.stabstr)

.stab.excl
 *(.stab.excl)

.stab.exclstr
 *(.stab.exclstr)

.stab.index
 *(.stab.index)

.stab.indexstr
 *(.stab.indexstr)

.comment
 *(.comment)

.debug
 *(.debug)

.line
 *(.line)

.debug_srcinfo
 *(.debug_srcinfo)

.debug_sfnames
 *(.debug_sfnames)

.debug_aranges
 *(.debug_aranges)

.debug_pubnames
 *(.debug_pubnames)

.debug_info
 *(.debug_info)
 *(.gnu.linkonce.wi.*)

.debug_abbrev
 *(.debug_abbrev)

.debug_line
 *(.debug_line)

.debug_frame
 *(.debug_frame)

.debug_str
 *(.debug_str)

.debug_loc
 *(.debug_loc)

.debug_macinfo
 *(.debug_macinfo)
OUTPUT(../main.elf elf32-avr)
LOAD linker stubs

Cross Reference Table

Symbol                                            File
BUTTON                                            obj/main.o
CNT_TEMP_START                                    obj/main.o
CalculatePID                                      obj/main.o
ChangeVALUE                                       obj/main.o
CheckButtons                                      obj/main.o
DigSeg                                            obj/main.o
Display                                           obj/main.o
EDIT_CNT                                          obj/main.o
EDIT_OUT_CNT                                      obj/main.o
EE_SETVAL_PID                                     obj/main.o
EE_SETVAL_TEMP                                    obj/main.o
FLAGS1                                            obj/main.o
IND_RAZR                                          obj/main.o
LoadValuesFromEEPROM                              obj/main.o
NumberToButeBuffer                                obj/main.o
PID_CNT                                           obj/main.o
PID_VAL                                           obj/main.o
ProcessingButtons                                 obj/main.o
ProcessingPID                                     obj/main.o
ReadMAX6675                                       obj/main.o
SEGM_RAZR                                         obj/main.o
SETVAL_PID                                        obj/main.o
SETVAL_TEMP                                       obj/main.o
SHAKE_CNT                                         obj/main.o
STATUS_TC                                         obj/main.o
UpdateValuesFromEEPROM                            obj/main.o
VALUE_TC                                          obj/main.o
__bad_interrupt                                   c:/winavr/bin/../lib/gcc/avr/4.3.3/../../../../avr/lib/avr25/crttn2313a.o
__bss_end                                         c:/winavr/bin/../lib/gcc/avr/4.3.3/avr25\libgcc.a(_clear_bss.o)
__bss_start                                       c:/winavr/bin/../lib/gcc/avr/4.3.3/avr25\libgcc.a(_clear_bss.o)
__do_clear_bss                                    c:/winavr/bin/../lib/gcc/avr/4.3.3/avr25\libgcc.a(_clear_bss.o)
                                                  obj/main.o
__eerd_block_tn2313a                              c:/winavr/bin/../lib/gcc/avr/4.3.3/../../../../avr/lib/avr25\libc.a(eerd_block_attiny2313a.o)
__eerd_blraw_tn2313a                              c:/winavr/bin/../lib/gcc/avr/4.3.3/../../../../avr/lib/avr25\libc.a(eerd_block_attiny2313a.o)
                                                  c:/winavr/bin/../lib/gcc/avr/4.3.3/../../../../avr/lib/avr25\libc.a(eerd_word_attiny2313a.o)
__eerd_byte_tn2313a                               c:/winavr/bin/../lib/gcc/avr/4.3.3/../../../../avr/lib/avr25\libc.a(eerd_byte_attiny2313a.o)
                                                  obj/main.o
__eerd_word_tn2313a                               c:/winavr/bin/../lib/gcc/avr/4.3.3/../../../../avr/lib/avr25\libc.a(eerd_word_attiny2313a.o)
                                                  obj/main.o
__eeupd_byte_tn2313a                              c:/winavr/bin/../lib/gcc/avr/4.3.3/../../../../avr/lib/avr25\libc.a(eeupd_byte_attiny2313a.o)
                                                  c:/winavr/bin/../lib/gcc/avr/4.3.3/../../../../avr/lib/avr25\libc.a(eeupd_word_attiny2313a.o)
                                                  obj/main.o
__eeupd_r18_tn2313a                               c:/winavr/bin/../lib/gcc/avr/4.3.3/../../../../avr/lib/avr25\libc.a(eeupd_byte_attiny2313a.o)
                                                  c:/winavr/bin/../lib/gcc/avr/4.3.3/../../../../avr/lib/avr25\libc.a(eeupd_word_attiny2313a.o)
__eeupd_word_tn2313a                              c:/winavr/bin/../lib/gcc/avr/4.3.3/../../../../avr/lib/avr25\libc.a(eeupd_word_attiny2313a.o)
                                                  obj/main.o
__heap_end                                        c:/winavr/bin/../lib/gcc/avr/4.3.3/../../../../avr/lib/avr25/crttn2313a.o
__init                                            c:/winavr/bin/../lib/gcc/avr/4.3.3/../../../../avr/lib/avr25/crttn2313a.o
__mulhi3                                          c:/winavr/bin/../lib/gcc/avr/4.3.3/avr25\libgcc.a(_mulhi3.o)
                                                  obj/main.o
__stack                                           c:/winavr/bin/../lib/gcc/avr/4.3.3/../../../../avr/lib/avr25/crttn2313a.o
__udivmodhi4                                      c:/winavr/bin/../lib/gcc/avr/4.3.3/avr25\libgcc.a(_udivmodhi4.o)
                                                  obj/main.o
__vector_1                                        c:/winavr/bin/../lib/gcc/avr/4.3.3/../../../../avr/lib/avr25/crttn2313a.o
__vector_10                                       c:/winavr/bin/../lib/gcc/avr/4.3.3/../../../../avr/lib/avr25/crttn2313a.o
__vector_11                                       c:/winavr/bin/../lib/gcc/avr/4.3.3/../../../../avr/lib/avr25/crttn2313a.o
__vector_12                                       c:/winavr/bin/../lib/gcc/avr/4.3.3/../../../../avr/lib/avr25/crttn2313a.o
__vector_13                                       c:/winavr/bin/../lib/gcc/avr/4.3.3/../../../../avr/lib/avr25/crttn2313a.o
__vector_14                                       c:/winavr/bin/../lib/gcc/avr/4.3.3/../../../../avr/lib/avr25/crttn2313a.o
__vector_15                                       c:/winavr/bin/../lib/gcc/avr/4.3.3/../../../../avr/lib/avr25/crttn2313a.o
__vector_16                                       c:/winavr/bin/../lib/gcc/avr/4.3.3/../../../../avr/lib/avr25/crttn2313a.o
__vector_17                                       c:/winavr/bin/../lib/gcc/avr/4.3.3/../../../../avr/lib/avr25/crttn2313a.o
__vector_18                                       c:/winavr/bin/../lib/gcc/avr/4.3.3/../../../../avr/lib/avr25/crttn2313a.o
__vector_19                                       c:/winavr/bin/../lib/gcc/avr/4.3.3/../../../../avr/lib/avr25/crttn2313a.o
__vector_2                                        c:/winavr/bin/../lib/gcc/avr/4.3.3/../../../../avr/lib/avr25/crttn2313a.o
__vector_20                                       c:/winavr/bin/../lib/gcc/avr/4.3.3/../../../../avr/lib/avr25/crttn2313a.o
__vector_3                                        c:/winavr/bin/../lib/gcc/avr/4.3.3/../../../../avr/lib/avr25/crttn2313a.o
__vector_4                                        obj/main.o
                                                  c:/winavr/bin/../lib/gcc/avr/4.3.3/../../../../avr/lib/avr25/crttn2313a.o
__vector_5                                        c:/winavr/bin/../lib/gcc/avr/4.3.3/../../../../avr/lib/avr25/crttn2313a.o
__vector_6                                        obj/main.o
                                                  c:/winavr/bin/../lib/gcc/avr/4.3.3/../../../../avr/lib/avr25/crttn2313a.o
__vector_7                                        c:/winavr/bin/../lib/gcc/avr/4.3.3/../../../../avr/lib/avr25/crttn2313a.o
__vector_8                                        c:/winavr/bin/../lib/gcc/avr/4.3.3/../../../../avr/lib/avr25/crttn2313a.o
__vector_9                                        c:/winavr/bin/../lib/gcc/avr/4.3.3/../../../../avr/lib/avr25/crttn2313a.o
__vector_default                                  c:/winavr/bin/../lib/gcc/avr/4.3.3/../../../../avr/lib/avr25/crttn2313a.o
__vectors                                         c:/winavr/bin/../lib/gcc/avr/4.3.3/../../../../avr/lib/avr25/crttn2313a.o
_exit                                             c:/winavr/bin/../lib/gcc/avr/4.3.3/avr25\libgcc.a(_exit.o)
exit                                              c:/winavr/bin/../lib/gcc/avr/4.3.3/avr25\libgcc.a(_exit.o)
                                                  c:/winavr/bin/../lib/gcc/avr/4.3.3/../../../../avr/lib/avr25/crttn2313a.o
init                                              obj/main.o
main                                              obj/main.o
                                                  c:/winavr/bin/../lib/gcc/avr/4.3.3/../../../../avr/lib/avr25/crttn2313a.o
